[
  {
    "id": "f993e149-78f7-40b4-839f-7eb150a5aae7",
    "status": "FINISHED",
    "platform": "ANDROID",
    "artifacts": {
      "buildUrl": "https://expo.dev/artifacts/eas/XjKzncfmTlvLqsqMJiHsBwC_eGpEjv4TgMPcCOyL4Ag.apk",
      "applicationArchiveUrl": "https://expo.dev/artifacts/eas/XjKzncfmTlvLqsqMJiHsBwC_eGpEjv4TgMPcCOyL4Ag.apk"
    },
    "fingerprint": {
      "id": "019fbe2d-1d68-702d-9258-07e08471a28c",
      "hash": "632111e0352702efabbaac7e2cef27652bec37ec"
    },
    "initiatingActor": {
      "id": "6511cede-a144-4b1f-8505-f6c3b293bb86",
      "displayName": "monddddyyy"
    },
    "logFiles": [
      "https://storage.googleapis.com/eas-workflows-production/logs/15432362-49f1-45fd-bd26-3d0246467859/f993e149-78f7-40b4-839f-7eb150a5aae7/2026-08-01T16%3A34%3A17Z-39c486b7-2d00-4bdb-abde-4c55bed74ba9.txt?X-Goog-Algorithm=GOOG4-RSA-SHA256&X-Goog-Credential=www-production%40exponentjs.iam.gserviceaccount.com%2F20260807%2Fauto%2Fstorage%2Fgoog4_request&X-Goog-Date=20260807T143349Z&X-Goog-Expires=900&X-Goog-SignedHeaders=host&X-Goog-Signature=7352f1ebda09d83b365bb01e415b34f1883c88c3854ed05550d76d65a7ef39a970815810d194f5c2b3244c6d8a5d5673c9007b27a905fa00dea867b232836ef343ad286c39cffb42bf09f09d084731c9c0b956bd37c35c35c7b9e56c08668fab8b82e6ede424d885b31932813b9c9a53a67894d918d469f602c3e7b82eb039597952447588aec46db66cbae13be8c4bf93970c23b567354dbf73b5665c3c3f981927dd084336f0a1bf19a142a564bf5e6d7bf09d1a81edcaa4646760a4cfe1bb7e380fe7c1457ab2bdf107dba8011601a3874fcc56b984c81d337822f81b488c2e41ea694cddf1d99a60aff92f97eeec69fe5394f0c524977df811ca1908c76f"
    ],
    "project": {
      "id": "15432362-49f1-45fd-bd26-3d0246467859",
      "name": "Pascualinga",
      "slug": "Pascualinga",
      "ownerAccount": {
        "id": "1451023a-099f-4365-8a78-d62b82400c40",
        "name": "monddddyyy"
      }
    },
    "distribution": "INTERNAL",
    "buildProfile": "preview",
    "sdkVersion": "54.0.0",
    "appVersion": "1.0.0",
    "appBuildVersion": "1",
    "gitCommitHash": "98f8fd4c2e17766c50449e7667db5f06eb76af0a",
    "gitCommitMessage": "Initial commit\n\nGenerated by create-expo-app 3.5.3.",
    "priority": "NORMAL",
    "createdAt": "2026-08-01T16:34:15.469Z",
    "updatedAt": "2026-08-01T20:00:42.972Z",
    "completedAt": "2026-08-01T16:41:07.209Z",
    "expirationDate": "2026-08-15T16:34:15.519Z",
    "isForIosSimulator": false,
    "metrics": {
      "buildWaitTime": 1642,
      "buildQueueTime": 4779,
      "buildDuration": 405319
    }
  },
  {
    "id": "cbf82357-e02b-4912-ab00-4f1f16a7b307",
    "status": "FINISHED",
    "platform": "ANDROID",
    "artifacts": {
      "buildUrl": "https://expo.dev/artifacts/eas/Svv3ccDNp62H3uzq3_JGPY83vRdOymkV-qKlTjgBH4E.apk",
      "applicationArchiveUrl": "https://expo.dev/artifacts/eas/Svv3ccDNp62H3uzq3_JGPY83vRdOymkV-qKlTjgBH4E.apk"
    },
    "fingerprint": {
      "id": "019fbc93-79e1-74f3-abe5-f9db42bf7de3",
      "hash": "694c5e715d3887e5e9a11ba1076d87964ac04184"
    },
    "initiatingActor": {
      "id": "6511cede-a144-4b1f-8505-f6c3b293bb86",
      "displayName": "monddddyyy"
    },
    "logFiles": [
      "https://storage.googleapis.com/eas-workflows-production/logs/15432362-49f1-45fd-bd26-3d0246467859/cbf82357-e02b-4912-ab00-4f1f16a7b307/2026-08-01T16%3A08%3A34Z-0cac628d-cfe6-42d4-872b-2ddfab61b436.txt?X-Goog-Algorithm=GOOG4-RSA-SHA256&X-Goog-Credential=www-production%40exponentjs.iam.gserviceaccount.com%2F20260807%2Fauto%2Fstorage%2Fgoog4_request&X-Goog-Date=20260807T143349Z&X-Goog-Expires=900&X-Goog-SignedHeaders=host&X-Goog-Signature=7760820660a22d96c8c4acb68bdb4700dec75e76b8a4c685a4f8d113a2268352898679599ba0b9476d52df45d85d5d7e4fc2623a857a5714c3ac64f0cc1d6f213611b1e7d9f43bc7d271608bd7d2fdb05ae31dfde4931c1b6796caf167629023745513fcec0a3b3455dab9ac6843ea6cf3cb2cbdc3a6aa931871d4e7e6581608f902944b15a3e0db3d10e1f4b79b6fc72cfb9a0ebfeb08d564d399be579d0a6e2bc1eee5faf1ed650e32c3dc36ba833554092a68c5b4e08a39a54603e2f62e00c500e2895630b7ad544ec177b42ae25c8b2526867db1c3e6d0676f91332f92b34088b20ebbb3bdde268c6b89b11c0dd615ea0f45262a44ace1b522aaa12a8933"
    ],
    "project": {
      "id": "15432362-49f1-45fd-bd26-3d0246467859",
      "name": "Pascualinga",
      "slug": "Pascualinga",
      "ownerAccount": {
        "id": "1451023a-099f-4365-8a78-d62b82400c40",
        "name": "monddddyyy"
      }
    },
    "distribution": "INTERNAL",
    "buildProfile": "preview",
    "sdkVersion": "54.0.0",
    "appVersion": "1.0.0",
    "appBuildVersion": "1",
    "gitCommitHash": "98f8fd4c2e17766c50449e7667db5f06eb76af0a",
    "gitCommitMessage": "Initial commit\n\nGenerated by create-expo-app 3.5.3.",
    "priority": "NORMAL",
    "createdAt": "2026-08-01T16:08:30.930Z",
    "updatedAt": "2026-08-01T20:00:17.857Z",
    "completedAt": "2026-08-01T16:15:45.892Z",
    "expirationDate": "2026-08-15T16:08:30.956Z",
    "isForIosSimulator": false,
    "metrics": {
      "buildWaitTime": 1361,
      "buildQueueTime": 6564,
      "buildDuration": 427037
    }
  },
  {
    "id": "bcf0e8e5-9d5b-4bfe-8e50-185541329eac",
    "status": "FINISHED",
    "platform": "ANDROID",
    "artifacts": {
      "buildUrl": "https://expo.dev/artifacts/eas/Vq1GB_C4smnyBMFaeuRh-L4vNFSi2m3UVsR6Es5npGE.apk",
      "applicationArchiveUrl": "https://expo.dev/artifacts/eas/Vq1GB_C4smnyBMFaeuRh-L4vNFSi2m3UVsR6Es5npGE.apk"
    },
    "fingerprint": {
      "id": "019fbc93-79e1-74f3-abe5-f9db42bf7de3",
      "hash": "694c5e715d3887e5e9a11ba1076d87964ac04184"
    },
    "initiatingActor": {
      "id": "6511cede-a144-4b1f-8505-f6c3b293bb86",
      "displayName": "monddddyyy"
    },
    "logFiles": [
      "https://storage.googleapis.com/eas-workflows-production/logs/15432362-49f1-45fd-bd26-3d0246467859/bcf0e8e5-9d5b-4bfe-8e50-185541329eac/2026-08-01T16%3A00%3A12Z-c28cef9b-14a8-465e-b44a-c283a00d1e17.txt?X-Goog-Algorithm=GOOG4-RSA-SHA256&X-Goog-Credential=www-production%40exponentjs.iam.gserviceaccount.com%2F20260807%2Fauto%2Fstorage%2Fgoog4_request&X-Goog-Date=20260807T143349Z&X-Goog-Expires=900&X-Goog-SignedHeaders=host&X-Goog-Signature=32a3e6db5af50dce0bf8d5109d080a9470b8b846400dc2ac7081b102456cf17214abcc706982e5013ae406814a0fff2c9dbf61363b481bced9cdaccca0da2b2cb16eeaba7a4b0d6e23212f82ea9ec9a5a91839a7143cd3c3d1f7838a95fe00b07c3bc25c2028f92d5a7d2166cef22a9f190cf3e919a8dc488ad6eebea06384ffaebc1707e97e2420ed48e299a755d4bef35ec6b3fd3c016ec11783c75898b09388677d2fb5141cf0cb8b2b3fabe9cf1e3773627b155dce63f743b6bc29603c9bc65d29d22ce29e14831af3f8ca12a2c4e863214d67acbfe378fb097b49cba64e6380181a1ccaef5c7fe9de3fc04183601e5eefb7b1bbed77c19d052682e2e684"
    ],
    "project": {
      "id": "15432362-49f1-45fd-bd26-3d0246467859",
      "name": "Pascualinga",
      "slug": "Pascualinga",
      "ownerAccount": {
        "id": "1451023a-099f-4365-8a78-d62b82400c40",
        "name": "monddddyyy"
      }
    },
    "distribution": "INTERNAL",
    "buildProfile": "preview",
    "sdkVersion": "54.0.0",
    "appVersion": "1.0.0",
    "appBuildVersion": "1",
    "gitCommitHash": "98f8fd4c2e17766c50449e7667db5f06eb76af0a",
    "gitCommitMessage": "Initial commit\n\nGenerated by create-expo-app 3.5.3.",
    "priority": "NORMAL",
    "createdAt": "2026-08-01T16:00:09.110Z",
    "updatedAt": "2026-08-01T20:00:08.173Z",
    "completedAt": "2026-08-01T16:07:54.117Z",
    "expirationDate": "2026-08-15T16:00:09.162Z",
    "isForIosSimulator": false,
    "metrics": {
      "buildWaitTime": 3135,
      "buildQueueTime": 5221,
      "buildDuration": 456651
    }
  }
]

