npx.cmd : - Fetching the buildΓÇª\ Fetching the buildΓÇª| Fetching the 
buildΓÇª/ Fetching the buildΓÇª- Fetching the buildΓÇªΓ£ö Found a matching 
build for the project @monddddyyy/Pascualinga
At line:1 char:141
+ ... ase; $out = & npx.cmd --yes eas-cli@21.7.0 build:view 8b050893-d117-4 ...
+                 ~~~~~~~~~~~~~~~~~~~~~~~~~~~~~~~~~~~~~~~~~~~~~~~~~~~~~~~~~
    + CategoryInfo          : NotSpecified: (- Fetching the ...yyy/Pascualinga 
   :String) [], RemoteException
    + FullyQualifiedErrorId : NativeCommandError
 
{
  "id": "8b050893-d117-40e4-879c-720ec80c15fe",
  "status": "IN_QUEUE",
  "platform": "ANDROID",
  "artifacts": {},
  "fingerprint": {
    "id": "019fbe2d-1d68-702d-9258-07e08471a28c",
    "hash": "632111e0352702efabbaac7e2cef27652bec37ec"
  },
  "initiatingActor": {
    "id": "6511cede-a144-4b1f-8505-f6c3b293bb86",
    "displayName": "monddddyyy"
  },
  "logFiles": [],
  "project": {
    "id": "15432362-49f1-45fd-bd26-3d0246467859",
    "name": "Pascualinga",
    "slug": "Pascualinga",
    "ownerAccount": {
      "id": "1451023a-099f-4365-8a78-d62b82400c40",
      "name": "monddddyyy"
    }
  },
  "distribution": "INTERNAL",
  "buildProfile": "preview",
  "sdkVersion": "54.0.0",
  "appVersion": "1.0.0",
  "appBuildVersion": "1",
  "gitCommitHash": "98f8fd4c2e17766c50449e7667db5f06eb76af0a",
  "gitCommitMessage": "Initial commit\n\nGenerated by create-expo-app 3.5.3.",
  "priority": "NORMAL",
  "createdAt": "2026-08-07T14:35:47.563Z",
  "updatedAt": "2026-08-07T14:35:48.444Z",
  "message": "Payment approval success screen UX fix",
  "expirationDate": "2026-08-21T14:35:47.602Z",
  "isForIosSimulator": false
}

